14:51:56 **** Build of configuration Debug for project xusbps_intr_example_1 ****
make all 
make --no-print-directory pre-build
a9-linaro-pre-build-step
' '
make --no-print-directory main-build
'Building file: ../src/xusbps_ch9.c'
'Invoking: ARM v7 gcc compiler'
arm-none-eabi-gcc -Wall -O0 -g3 -c -fmessage-length=0 -MT"src/xusbps_ch9.o" -mcpu=cortex-a9 -mfpu=vfpv3 -mfloat-abi=hard -ID:/Programs/Workspace/SmartZYNQ_SP2/PS_USV_SLAVE/PS_USB_SLAVE.sdk/ZYNQ_CORE_wrapper/export/ZYNQ_CORE_wrapper/sw/ZYNQ_CORE_wrapper/standalone_ps7_cortexa9_0/bspinclude/include -MMD -MP -MF"src/xusbps_ch9.d" -MT"src/xusbps_ch9.o" -o "src/xusbps_ch9.o" "../src/xusbps_ch9.c"
'Finished building: ../src/xusbps_ch9.c'
' '
'Building file: ../src/xusbps_ch9_storage.c'
'Invoking: ARM v7 gcc compiler'
arm-none-eabi-gcc -Wall -O0 -g3 -c -fmessage-length=0 -MT"src/xusbps_ch9_storage.o" -mcpu=cortex-a9 -mfpu=vfpv3 -mfloat-abi=hard -ID:/Programs/Workspace/SmartZYNQ_SP2/PS_USV_SLAVE/PS_USB_SLAVE.sdk/ZYNQ_CORE_wrapper/export/ZYNQ_CORE_wrapper/sw/ZYNQ_CORE_wrapper/standalone_ps7_cortexa9_0/bspinclude/include -MMD -MP -MF"src/xusbps_ch9_storage.d" -MT"src/xusbps_ch9_storage.o" -o "src/xusbps_ch9_storage.o" "../src/xusbps_ch9_storage.c"
'Finished building: ../src/xusbps_ch9_storage.c'
' '
'Building file: ../src/xusbps_class_storage.c'
'Invoking: ARM v7 gcc compiler'
arm-none-eabi-gcc -Wall -O0 -g3 -c -fmessage-length=0 -MT"src/xusbps_class_storage.o" -mcpu=cortex-a9 -mfpu=vfpv3 -mfloat-abi=hard -ID:/Programs/Workspace/SmartZYNQ_SP2/PS_USV_SLAVE/PS_USB_SLAVE.sdk/ZYNQ_CORE_wrapper/export/ZYNQ_CORE_wrapper/sw/ZYNQ_CORE_wrapper/standalone_ps7_cortexa9_0/bspinclude/include -MMD -MP -MF"src/xusbps_class_storage.d" -MT"src/xusbps_class_storage.o" -o "src/xusbps_class_storage.o" "../src/xusbps_class_storage.c"
'Finished building: ../src/xusbps_class_storage.c'
' '
'Building file: ../src/xusbps_intr_example.c'
'Invoking: ARM v7 gcc compiler'
arm-none-eabi-gcc -Wall -O0 -g3 -c -fmessage-length=0 -MT"src/xusbps_intr_example.o" -mcpu=cortex-a9 -mfpu=vfpv3 -mfloat-abi=hard -ID:/Programs/Workspace/SmartZYNQ_SP2/PS_USV_SLAVE/PS_USB_SLAVE.sdk/ZYNQ_CORE_wrapper/export/ZYNQ_CORE_wrapper/sw/ZYNQ_CORE_wrapper/standalone_ps7_cortexa9_0/bspinclude/include -MMD -MP -MF"src/xusbps_intr_example.d" -MT"src/xusbps_intr_example.o" -o "src/xusbps_intr_example.o" "../src/xusbps_intr_example.c"
'Finished building: ../src/xusbps_intr_example.c'
' '
'Building target: xusbps_intr_example_1.elf'
'Invoking: ARM v7 gcc linker'
arm-none-eabi-gcc -mcpu=cortex-a9 -mfpu=vfpv3 -mfloat-abi=hard -Wl,-build-id=none -specs=Xilinx.spec -Wl,-T -Wl,../src/lscript.ld -LD:/Programs/Workspace/SmartZYNQ_SP2/PS_USV_SLAVE/PS_USB_SLAVE.sdk/ZYNQ_CORE_wrapper/export/ZYNQ_CORE_wrapper/sw/ZYNQ_CORE_wrapper/standalone_ps7_cortexa9_0/bsplib/lib -o "xusbps_intr_example_1.elf"  ./src/xusbps_ch9.o ./src/xusbps_ch9_storage.o ./src/xusbps_class_storage.o ./src/xusbps_intr_example.o   -Wl,--start-group,-lxil,-lgcc,-lc,--end-group
'Finished building target: xusbps_intr_example_1.elf'
' '
'Invoking: ARM v7 Print Size'
arm-none-eabi-size xusbps_intr_example_1.elf  |tee "xusbps_intr_example_1.elf.size"
   text	   data	    bss	    dec	    hex	filename
  47526	   2992	1139648	1190166	 122916	xusbps_intr_example_1.elf
'Finished building: xusbps_intr_example_1.elf.size'
' '

14:51:58 Build Finished (took 1s.289ms)

