Nothing to build in platform 'ZYNQ_CORE_wrapper'

21:43:45 **** Incremental Build of configuration Debug for project ZYNQ_CNN_NUM ****
make all 
make --no-print-directory pre-build
a9-linaro-pre-build-step
' '
make --no-print-directory main-build
'Building target: ZYNQ_CNN_NUM.elf'
'Invoking: ARM v7 gcc linker'
arm-none-eabi-gcc -mcpu=cortex-a9 -mfpu=vfpv3 -mfloat-abi=hard -Wl,-build-id=none -specs=Xilinx.spec -Wl,-T -Wl,../src/lscript.ld -LD:/Programs/Workspace/SmartZYNQ_SP2/ZYNQ_CNN_NUM/VitisPrj/ZYNQ_CORE_wrapper/export/ZYNQ_CORE_wrapper/sw/ZYNQ_CORE_wrapper/standalone_ps7_cortexa9_0/bsplib/lib -o "ZYNQ_CNN_NUM.elf"  ./src/vdma/vdma_api.o  ./src/ov5640/ov5640_init.o  ./src/emio_sccb_cfg/emio_sccb_cfg.o  ./src/CNN/conv_layer_1.o ./src/CNN/param_init.o  ./src/main.o   -Wl,--start-group,-lxil,-lgcc,-lc,--end-group
'Finished building target: ZYNQ_CNN_NUM.elf'
' '
'Invoking: ARM v7 Print Size'
arm-none-eabi-size ZYNQ_CNN_NUM.elf  |tee "ZYNQ_CNN_NUM.elf.size"
   text	   data	    bss	    dec	    hex	filename
  67229	   2072	 271200	 340501	  53215	ZYNQ_CNN_NUM.elf
'Finished building: ZYNQ_CNN_NUM.elf.size'
' '
21:43:46 **** Incremental Build of configuration Debug for project ZYNQ_CNN_NUM_system ****
make all 
Generating bif file for the system project
generate_system_bif.bat 64245 D:/Programs/Workspace/SmartZYNQ_SP2/ZYNQ_CNN_NUM/VitisPrj/ZYNQ_CORE_wrapper/export/ZYNQ_CORE_wrapper/ZYNQ_CORE_wrapper.xpfm standalone_ps7_cortexa9_0 D:/Programs/Workspace/SmartZYNQ_SP2/ZYNQ_CNN_NUM/VitisPrj/ZYNQ_CNN_NUM_system/Debug/system.bif
sdcard_gen --xpfm D:/Programs/Workspace/SmartZYNQ_SP2/ZYNQ_CNN_NUM/VitisPrj/ZYNQ_CORE_wrapper/export/ZYNQ_CORE_wrapper/ZYNQ_CORE_wrapper.xpfm --sys_config ZYNQ_CORE_wrapper --bif D:/Programs/Workspace/SmartZYNQ_SP2/ZYNQ_CNN_NUM/VitisPrj/ZYNQ_CNN_NUM_system/Debug/system.bif --bitstream D:/Programs/Workspace/SmartZYNQ_SP2/ZYNQ_CNN_NUM/VitisPrj/ZYNQ_CNN_NUM/_ide/bitstream/ZYNQ_CORE_wrapper.bit --elf D:/Programs/Workspace/SmartZYNQ_SP2/ZYNQ_CNN_NUM/VitisPrj/ZYNQ_CNN_NUM/Debug/ZYNQ_CNN_NUM.elf,ps7_cortexa9_0
creating BOOT.BIN using D:/Programs/Workspace/SmartZYNQ_SP2/ZYNQ_CNN_NUM/VitisPrj/ZYNQ_CNN_NUM/_ide/bitstream/ZYNQ_CORE_wrapper.bit
Running D:/Xilinx/Vitis/2023.1/bin/bootgen  -image D:/Programs/Workspace/SmartZYNQ_SP2/ZYNQ_CNN_NUM/VitisPrj/ZYNQ_CNN_NUM_system/Debug/sd_card_temp/boot.bif -w -o i BOOT.BIN
