16:00:23 **** Incremental Build of configuration Debug for project ZYNQ_CNN_NUM ****
make all 
make --no-print-directory pre-build
a9-linaro-pre-build-step
' '
make --no-print-directory main-build
'Building file: ../src/CNN/affine_layer.c'
'Invoking: ARM v7 gcc compiler'
arm-none-eabi-gcc -Wall -O0 -g3 -c -fmessage-length=0 -MT"src/CNN/affine_layer.o" -mcpu=cortex-a9 -mfpu=vfpv3 -mfloat-abi=hard -ID:/Programs/Workspace/SmartZYNQ_SP2/ZYNQ_CNN_NUM/VitisPrj/ZYNQ_CORE_wrapper/export/ZYNQ_CORE_wrapper/sw/ZYNQ_CORE_wrapper/standalone_ps7_cortexa9_0/bspinclude/include -MMD -MP -MF"src/CNN/affine_layer.d" -MT"src/CNN/affine_layer.o" -o "src/CNN/affine_layer.o" "../src/CNN/affine_layer.c"
'Finished building: ../src/CNN/affine_layer.c'
' '
'Building target: ZYNQ_CNN_NUM.elf'
'Invoking: ARM v7 gcc linker'
arm-none-eabi-gcc -mcpu=cortex-a9 -mfpu=vfpv3 -mfloat-abi=hard -Wl,-build-id=none -specs=Xilinx.spec -Wl,-T -Wl,../src/lscript.ld -LD:/Programs/Workspace/SmartZYNQ_SP2/ZYNQ_CNN_NUM/VitisPrj/ZYNQ_CORE_wrapper/export/ZYNQ_CORE_wrapper/sw/ZYNQ_CORE_wrapper/standalone_ps7_cortexa9_0/bsplib/lib -o "ZYNQ_CNN_NUM.elf"  ./src/vdma/vdma_api.o  ./src/ov5640/ov5640_init.o  ./src/emio_sccb_cfg/emio_sccb_cfg.o  ./src/CNN/affine_layer.o ./src/CNN/conv_layer_1.o ./src/CNN/maxpool_layer_2.o ./src/CNN/param_init.o ./src/CNN/relu_layer.o  ./src/main.o   -Wl,--start-group,-lxil,-lgcc,-lc,--end-group
'Finished building target: ZYNQ_CNN_NUM.elf'
' '
'Invoking: ARM v7 Print Size'
arm-none-eabi-size ZYNQ_CNN_NUM.elf  |tee "ZYNQ_CNN_NUM.elf.size"
   text	   data	    bss	    dec	    hex	filename
14905949	   2080	 271600	15179629	 e79f6d	ZYNQ_CNN_NUM.elf
'Finished building: ZYNQ_CNN_NUM.elf.size'
' '

16:00:23 Build Finished (took 849ms)

