Nothing to build in platform 'ZYNQ_CORE_wrapper'

01:54:41 **** Incremental Build of configuration Debug for project xgpio_example_1 ****
make all 
make --no-print-directory pre-build
a9-linaro-pre-build-step
' '
make --no-print-directory main-build
'Building file: ../src/xgpio_example.c'
'Invoking: ARM v7 gcc compiler'
arm-none-eabi-gcc -Wall -O0 -g3 -c -fmessage-length=0 -MT"src/xgpio_example.o" -mcpu=cortex-a9 -mfpu=vfpv3 -mfloat-abi=hard -ID:/Programs/Workspace/SmartZYNQ_SP2/PS_LED_AXI_GPIO/ZYNQ_CORE_wrapper/export/ZYNQ_CORE_wrapper/sw/ZYNQ_CORE_wrapper/standalone_ps7_cortexa9_0/bspinclude/include -MMD -MP -MF"src/xgpio_example.d" -MT"src/xgpio_example.o" -o "src/xgpio_example.o" "../src/xgpio_example.c"
'Finished building: ../src/xgpio_example.c'
' '
'Building target: xgpio_example_1.elf'
'Invoking: ARM v7 gcc linker'
arm-none-eabi-gcc -mcpu=cortex-a9 -mfpu=vfpv3 -mfloat-abi=hard -Wl,-build-id=none -specs=Xilinx.spec -Wl,-T -Wl,../src/lscript.ld -LD:/Programs/Workspace/SmartZYNQ_SP2/PS_LED_AXI_GPIO/ZYNQ_CORE_wrapper/export/ZYNQ_CORE_wrapper/sw/ZYNQ_CORE_wrapper/standalone_ps7_cortexa9_0/bsplib/lib -o "xgpio_example_1.elf"  ./src/xgpio_example.o   -Wl,--start-group,-lxil,-lgcc,-lc,--end-group
'Finished building target: xgpio_example_1.elf'
' '
'Invoking: ARM v7 Print Size'
arm-none-eabi-size xgpio_example_1.elf  |tee "xgpio_example_1.elf.size"
   text	   data	    bss	    dec	    hex	filename
  23561	   1160	  22600	  47321	   b8d9	xgpio_example_1.elf
'Finished building: xgpio_example_1.elf.size'
' '
01:54:42 **** Incremental Build of configuration Debug for project xgpio_example_1_system ****
make all 
Generating bif file for the system project
generate_system_bif.bat 62243 D:/Programs/Workspace/SmartZYNQ_SP2/PS_LED_AXI_GPIO/ZYNQ_CORE_wrapper/export/ZYNQ_CORE_wrapper/ZYNQ_CORE_wrapper.xpfm standalone_ps7_cortexa9_0 D:/Programs/Workspace/SmartZYNQ_SP2/PS_LED_AXI_GPIO/xgpio_example_1_system/Debug/system.bif
sdcard_gen --xpfm D:/Programs/Workspace/SmartZYNQ_SP2/PS_LED_AXI_GPIO/ZYNQ_CORE_wrapper/export/ZYNQ_CORE_wrapper/ZYNQ_CORE_wrapper.xpfm --sys_config ZYNQ_CORE_wrapper --bif D:/Programs/Workspace/SmartZYNQ_SP2/PS_LED_AXI_GPIO/xgpio_example_1_system/Debug/system.bif --bitstream D:/Programs/Workspace/SmartZYNQ_SP2/PS_LED_AXI_GPIO/xgpio_example_1/_ide/bitstream/ZYNQ_CORE_wrapper.bit --elf D:/Programs/Workspace/SmartZYNQ_SP2/PS_LED_AXI_GPIO/xgpio_example_1/Debug/xgpio_example_1.elf,ps7_cortexa9_0
creating BOOT.BIN using D:/Programs/Workspace/SmartZYNQ_SP2/PS_LED_AXI_GPIO/xgpio_example_1/_ide/bitstream/ZYNQ_CORE_wrapper.bit
Running D:/Xilinx/Vitis/2023.1/bin/bootgen  -image D:/Programs/Workspace/SmartZYNQ_SP2/PS_LED_AXI_GPIO/xgpio_example_1_system/Debug/sd_card_temp/boot.bif -w -o i BOOT.BIN
