Nothing to build in platform 'ZYNQ_CORE_wrapper'

00:34:41 **** Incremental Build of configuration Debug for project vdma_hdmi ****
make all 
make --no-print-directory pre-build
a9-linaro-pre-build-step
' '
make --no-print-directory main-build
'Building file: ../src/main.c'
'Invoking: ARM v7 gcc compiler'
arm-none-eabi-gcc -Wall -O0 -g3 -c -fmessage-length=0 -MT"src/main.o" -mcpu=cortex-a9 -mfpu=vfpv3 -mfloat-abi=hard -ID:/Programs/Workspace/SmartZYNQ_SP2/VDMA_HDMI/VDMA_HDMI.sdk/ZYNQ_CORE_wrapper/export/ZYNQ_CORE_wrapper/sw/ZYNQ_CORE_wrapper/standalone_ps7_cortexa9_0/bspinclude/include -MMD -MP -MF"src/main.d" -MT"src/main.o" -o "src/main.o" "../src/main.c"
'Finished building: ../src/main.c'
' '
'Building target: vdma_hdmi.elf'
'Invoking: ARM v7 gcc linker'
arm-none-eabi-gcc -mcpu=cortex-a9 -mfpu=vfpv3 -mfloat-abi=hard -Wl,-build-id=none -specs=Xilinx.spec -Wl,-T -Wl,../src/lscript.ld -LD:/Programs/Workspace/SmartZYNQ_SP2/VDMA_HDMI/VDMA_HDMI.sdk/ZYNQ_CORE_wrapper/export/ZYNQ_CORE_wrapper/sw/ZYNQ_CORE_wrapper/standalone_ps7_cortexa9_0/bsplib/lib -o "vdma_hdmi.elf"  ./src/vdma_api/vdma_api.o  ./src/display_ctrl/display_ctrl.o  ./src/main.o   -Wl,--start-group,-lxil,-lgcc,-lc,--end-group
'Finished building target: vdma_hdmi.elf'
' '
'Invoking: ARM v7 Print Size'
arm-none-eabi-size vdma_hdmi.elf  |tee "vdma_hdmi.elf.size"
   text	   data	    bss	    dec	    hex	filename
  51560	   1280	  25408	  78248	  131a8	vdma_hdmi.elf
'Finished building: vdma_hdmi.elf.size'
' '
00:34:42 **** Incremental Build of configuration Debug for project vdma_hdmi_system ****
make all 
Generating bif file for the system project
generate_system_bif.bat 56850 D:/Programs/Workspace/SmartZYNQ_SP2/VDMA_HDMI/VDMA_HDMI.sdk/ZYNQ_CORE_wrapper/export/ZYNQ_CORE_wrapper/ZYNQ_CORE_wrapper.xpfm standalone_ps7_cortexa9_0 D:/Programs/Workspace/SmartZYNQ_SP2/VDMA_HDMI/VDMA_HDMI.sdk/vdma_hdmi_system/Debug/system.bif
sdcard_gen --xpfm D:/Programs/Workspace/SmartZYNQ_SP2/VDMA_HDMI/VDMA_HDMI.sdk/ZYNQ_CORE_wrapper/export/ZYNQ_CORE_wrapper/ZYNQ_CORE_wrapper.xpfm --sys_config ZYNQ_CORE_wrapper --bif D:/Programs/Workspace/SmartZYNQ_SP2/VDMA_HDMI/VDMA_HDMI.sdk/vdma_hdmi_system/Debug/system.bif --bitstream D:/Programs/Workspace/SmartZYNQ_SP2/VDMA_HDMI/VDMA_HDMI.sdk/vdma_hdmi/_ide/bitstream/ZYNQ_CORE_wrapper.bit --elf D:/Programs/Workspace/SmartZYNQ_SP2/VDMA_HDMI/VDMA_HDMI.sdk/vdma_hdmi/Debug/vdma_hdmi.elf,ps7_cortexa9_0
creating BOOT.BIN using D:/Programs/Workspace/SmartZYNQ_SP2/VDMA_HDMI/VDMA_HDMI.sdk/vdma_hdmi/_ide/bitstream/ZYNQ_CORE_wrapper.bit
Running D:/Xilinx/Vitis/2023.1/bin/bootgen  -image D:/Programs/Workspace/SmartZYNQ_SP2/VDMA_HDMI/VDMA_HDMI.sdk/vdma_hdmi_system/Debug/sd_card_temp/boot.bif -w -o i BOOT.BIN
