Nothing to build in platform 'ZYNQ_CORE_wrapper'

11:48:42 **** Incremental Build of configuration Debug for project VDMA_OV5640 ****
make all 
make --no-print-directory pre-build
a9-linaro-pre-build-step
' '
make --no-print-directory main-build
'Building file: ../src/main.c'
'Invoking: ARM v7 gcc compiler'
arm-none-eabi-gcc -Wall -O0 -g3 -c -fmessage-length=0 -MT"src/main.o" -mcpu=cortex-a9 -mfpu=vfpv3 -mfloat-abi=hard -ID:/Programs/Workspace/SmartZYNQ_SP2/VDMA_OV5640_HDMI/VDMA_OV_sdk/ZYNQ_CORE_wrapper/export/ZYNQ_CORE_wrapper/sw/ZYNQ_CORE_wrapper/standalone_ps7_cortexa9_0/bspinclude/include -MMD -MP -MF"src/main.d" -MT"src/main.o" -o "src/main.o" "../src/main.c"
'Finished building: ../src/main.c'
' '
'Building target: VDMA_OV5640.elf'
'Invoking: ARM v7 gcc linker'
arm-none-eabi-gcc -mcpu=cortex-a9 -mfpu=vfpv3 -mfloat-abi=hard -Wl,-build-id=none -specs=Xilinx.spec -Wl,-T -Wl,../src/lscript.ld -LD:/Programs/Workspace/SmartZYNQ_SP2/VDMA_OV5640_HDMI/VDMA_OV_sdk/ZYNQ_CORE_wrapper/export/ZYNQ_CORE_wrapper/sw/ZYNQ_CORE_wrapper/standalone_ps7_cortexa9_0/bsplib/lib -o "VDMA_OV5640.elf"  ./src/ov5640/ov5640_init.o  ./src/emio_sccb_cfg/emio_sccb_cfg.o  ./src/main.o ./src/vdma_api.o   -Wl,--start-group,-lxil,-lgcc,-lc,--end-group
'Finished building target: VDMA_OV5640.elf'
' '
'Invoking: ARM v7 Print Size'
arm-none-eabi-size VDMA_OV5640.elf  |tee "VDMA_OV5640.elf.size"
   text	   data	    bss	    dec	    hex	filename
  40289	   1280	  25424	  66993	  105b1	VDMA_OV5640.elf
'Finished building: VDMA_OV5640.elf.size'
' '
11:48:43 **** Incremental Build of configuration Debug for project VDMA_OV5640_system ****
make all 
Generating bif file for the system project
generate_system_bif.bat 51009 D:/Programs/Workspace/SmartZYNQ_SP2/VDMA_OV5640_HDMI/VDMA_OV_sdk/ZYNQ_CORE_wrapper/export/ZYNQ_CORE_wrapper/ZYNQ_CORE_wrapper.xpfm standalone_ps7_cortexa9_0 D:/Programs/Workspace/SmartZYNQ_SP2/VDMA_OV5640_HDMI/VDMA_OV_sdk/VDMA_OV5640_system/Debug/system.bif
sdcard_gen --xpfm D:/Programs/Workspace/SmartZYNQ_SP2/VDMA_OV5640_HDMI/VDMA_OV_sdk/ZYNQ_CORE_wrapper/export/ZYNQ_CORE_wrapper/ZYNQ_CORE_wrapper.xpfm --sys_config ZYNQ_CORE_wrapper --bif D:/Programs/Workspace/SmartZYNQ_SP2/VDMA_OV5640_HDMI/VDMA_OV_sdk/VDMA_OV5640_system/Debug/system.bif --bitstream D:/Programs/Workspace/SmartZYNQ_SP2/VDMA_OV5640_HDMI/VDMA_OV_sdk/VDMA_OV5640/_ide/bitstream/ZYNQ_CORE_wrapper.bit --elf D:/Programs/Workspace/SmartZYNQ_SP2/VDMA_OV5640_HDMI/VDMA_OV_sdk/VDMA_OV5640/Debug/VDMA_OV5640.elf,ps7_cortexa9_0
creating BOOT.BIN using D:/Programs/Workspace/SmartZYNQ_SP2/VDMA_OV5640_HDMI/VDMA_OV_sdk/VDMA_OV5640/_ide/bitstream/ZYNQ_CORE_wrapper.bit
Running D:/Xilinx/Vitis/2023.1/bin/bootgen  -image D:/Programs/Workspace/SmartZYNQ_SP2/VDMA_OV5640_HDMI/VDMA_OV_sdk/VDMA_OV5640_system/Debug/sd_card_temp/boot.bif -w -o i BOOT.BIN
