03:56:35 **** Incremental Build of configuration Debug for project PS_TIMER ****
make all 
make --no-print-directory pre-build
a9-linaro-pre-build-step
' '
make --no-print-directory main-build
'Building file: ../src/main.c'
'Invoking: ARM v7 gcc compiler'
arm-none-eabi-gcc -Wall -O0 -g3 -c -fmessage-length=0 -MT"src/main.o" -mcpu=cortex-a9 -mfpu=vfpv3 -mfloat-abi=hard -ID:/Programs/Workspace/SmartZYNQ_SP2/PS_TIMER/ZYNQ_CORE_wrapper/export/ZYNQ_CORE_wrapper/sw/ZYNQ_CORE_wrapper/standalone_ps7_cortexa9_0/bspinclude/include -MMD -MP -MF"src/main.d" -MT"src/main.o" -o "src/main.o" "../src/main.c"
'Finished building: ../src/main.c'
' '
'Building target: PS_TIMER.elf'
'Invoking: ARM v7 gcc linker'
arm-none-eabi-gcc -mcpu=cortex-a9 -mfpu=vfpv3 -mfloat-abi=hard -Wl,-build-id=none -specs=Xilinx.spec -Wl,-T -Wl,../src/lscript.ld -LD:/Programs/Workspace/SmartZYNQ_SP2/PS_TIMER/ZYNQ_CORE_wrapper/export/ZYNQ_CORE_wrapper/sw/ZYNQ_CORE_wrapper/standalone_ps7_cortexa9_0/bsplib/lib -o "PS_TIMER.elf"  ./src/main.o   -Wl,--start-group,-lxil,-lgcc,-lc,--end-group -Wl,--start-group,-lxilffs,-lxil,-lgcc,-lc,--end-group
'Finished building target: PS_TIMER.elf'
' '
'Invoking: ARM v7 Print Size'
arm-none-eabi-size PS_TIMER.elf  |tee "PS_TIMER.elf.size"
   text	   data	    bss	    dec	    hex	filename
  28321	   1936	  22680	  52937	   cec9	PS_TIMER.elf
'Finished building: PS_TIMER.elf.size'
' '

03:56:36 Build Finished (took 1s.51ms)

