15:35:38 **** Incremental Build of configuration Debug for project PS_UART ****
make all 
make --no-print-directory pre-build
a9-linaro-pre-build-step
' '
make --no-print-directory main-build
'Building file: ../src/main.c'
'Invoking: ARM v7 gcc compiler'
arm-none-eabi-gcc -Wall -O0 -g3 -c -fmessage-length=0 -MT"src/main.o" -mcpu=cortex-a9 -mfpu=vfpv3 -mfloat-abi=hard -ID:/Programs/Workspace/SmartZYNQ_SP2/PS_UART/PS_UART.sdk/ZYNQ_CORE_wrapper/export/ZYNQ_CORE_wrapper/sw/ZYNQ_CORE_wrapper/standalone_ps7_cortexa9_0/bspinclude/include -MMD -MP -MF"src/main.d" -MT"src/main.o" -o "src/main.o" "../src/main.c"
../src/main.c: In function 'main':
../src/main.c:54:21: warning: pointer targets in passing argument 1 of 'UARTPs_Send' differ in signedness [-Wpointer-sign]
   54 |         UARTPs_Send("Hello World\n", 12);
      |                     ^~~~~~~~~~~~~~~
      |                     |
      |                     char *
../src/main.c:33:22: note: expected 'u8 *' {aka 'unsigned char *'} but argument is of type 'char *'
   33 | void UARTPs_Send(u8 *BufferPtr, u32 NumBytes)
      |                  ~~~~^~~~~~~~~
../src/main.c: In function 'UART_Init':
../src/main.c:31:1: warning: control reaches end of non-void function [-Wreturn-type]
   31 | }
      | ^
'Finished building: ../src/main.c'
' '
'Building target: PS_UART.elf'
'Invoking: ARM v7 gcc linker'
arm-none-eabi-gcc -mcpu=cortex-a9 -mfpu=vfpv3 -mfloat-abi=hard -Wl,-build-id=none -specs=Xilinx.spec -Wl,-T -Wl,../src/lscript.ld -LD:/Programs/Workspace/SmartZYNQ_SP2/PS_UART/PS_UART.sdk/ZYNQ_CORE_wrapper/export/ZYNQ_CORE_wrapper/sw/ZYNQ_CORE_wrapper/standalone_ps7_cortexa9_0/bsplib/lib -o "PS_UART.elf"  ./src/main.o   -Wl,--start-group,-lxil,-lgcc,-lc,--end-group
'Finished building target: PS_UART.elf'
' '
'Invoking: ARM v7 Print Size'
arm-none-eabi-size PS_UART.elf  |tee "PS_UART.elf.size"
   text	   data	    bss	    dec	    hex	filename
  23858	   1160	  22648	  47666	   ba32	PS_UART.elf
'Finished building: PS_UART.elf.size'
' '

15:35:39 Build Finished (took 674ms)

