Nothing to build in platform 'ZYNQ_CORE_wrapper'

21:01:26 **** Incremental Build of configuration Debug for project LED_TEST ****
make all 
make --no-print-directory pre-build
a9-linaro-pre-build-step
' '
make --no-print-directory main-build
'Building file: ../src/main.c'
'Invoking: ARM v7 gcc compiler'
arm-none-eabi-gcc -Wall -O0 -g3 -c -fmessage-length=0 -MT"src/main.o" -mcpu=cortex-a9 -mfpu=vfpv3 -mfloat-abi=hard -ID:/Programs/Workspace/SmartZYNQ_SP2/PS_LED_EMIO/ZYNQ_CORE_wrapper/export/ZYNQ_CORE_wrapper/sw/ZYNQ_CORE_wrapper/standalone_ps7_cortexa9_0/bspinclude/include -MMD -MP -MF"src/main.d" -MT"src/main.o" -o "src/main.o" "../src/main.c"
'Finished building: ../src/main.c'
' '
'Building target: LED_TEST.elf'
'Invoking: ARM v7 gcc linker'
arm-none-eabi-gcc -mcpu=cortex-a9 -mfpu=vfpv3 -mfloat-abi=hard -Wl,-build-id=none -specs=Xilinx.spec -Wl,-T -Wl,../src/lscript.ld -LD:/Programs/Workspace/SmartZYNQ_SP2/PS_LED_EMIO/ZYNQ_CORE_wrapper/export/ZYNQ_CORE_wrapper/sw/ZYNQ_CORE_wrapper/standalone_ps7_cortexa9_0/bsplib/lib -o "LED_TEST.elf"  ./src/main.o   -Wl,--start-group,-lxil,-lgcc,-lc,--end-group
'Finished building target: LED_TEST.elf'
' '
'Invoking: ARM v7 Print Size'
arm-none-eabi-size LED_TEST.elf  |tee "LED_TEST.elf.size"
   text	   data	    bss	    dec	    hex	filename
  22890	   1152	  22616	  46658	   b642	LED_TEST.elf
'Finished building: LED_TEST.elf.size'
' '
21:01:27 **** Incremental Build of configuration Debug for project LED_TEST_system ****
make all 
Generating bif file for the system project
generate_system_bif.bat 63107 D:/Programs/Workspace/SmartZYNQ_SP2/PS_LED_EMIO/ZYNQ_CORE_wrapper/export/ZYNQ_CORE_wrapper/ZYNQ_CORE_wrapper.xpfm standalone_ps7_cortexa9_0 D:/Programs/Workspace/SmartZYNQ_SP2/PS_LED_EMIO/LED_TEST_system/Debug/system.bif
sdcard_gen --xpfm D:/Programs/Workspace/SmartZYNQ_SP2/PS_LED_EMIO/ZYNQ_CORE_wrapper/export/ZYNQ_CORE_wrapper/ZYNQ_CORE_wrapper.xpfm --sys_config ZYNQ_CORE_wrapper --bif D:/Programs/Workspace/SmartZYNQ_SP2/PS_LED_EMIO/LED_TEST_system/Debug/system.bif --bitstream D:/Programs/Workspace/SmartZYNQ_SP2/PS_LED_EMIO/LED_TEST/_ide/bitstream/ZYNQ_CORE_wrapper.bit --elf D:/Programs/Workspace/SmartZYNQ_SP2/PS_LED_EMIO/LED_TEST/Debug/LED_TEST.elf,ps7_cortexa9_0
creating BOOT.BIN using D:/Programs/Workspace/SmartZYNQ_SP2/PS_LED_EMIO/LED_TEST/_ide/bitstream/ZYNQ_CORE_wrapper.bit
Running D:/Xilinx/Vitis/2023.1/bin/bootgen  -image D:/Programs/Workspace/SmartZYNQ_SP2/PS_LED_EMIO/LED_TEST_system/Debug/sd_card_temp/boot.bif -w -o i BOOT.BIN
