#-----------------------------------------------------------
# Vivado v2023.1 (64-bit)
# SW Build 3865809 on Sun May  7 15:05:29 MDT 2023
# IP Build 3864474 on Sun May  7 20:36:21 MDT 2023
# SharedData Build 3865790 on Sun May 07 13:33:03 MDT 2023
# Start of session at: Tue Jan 14 20:20:40 2025
# Process ID: 17024
# Current directory: D:/Programs/Workspace/SmartZYNQ_SP2/PL_SOLIDIFICATION/PL_SOLIDIFICATION.runs/impl_1
# Command line: vivado.exe -log ZYNQ_CORE_wrapper.vdi -applog -product Vivado -messageDb vivado.pb -mode batch -source ZYNQ_CORE_wrapper.tcl -notrace
# Log file: D:/Programs/Workspace/SmartZYNQ_SP2/PL_SOLIDIFICATION/PL_SOLIDIFICATION.runs/impl_1/ZYNQ_CORE_wrapper.vdi
# Journal file: D:/Programs/Workspace/SmartZYNQ_SP2/PL_SOLIDIFICATION/PL_SOLIDIFICATION.runs/impl_1\vivado.jou
# Running On: LAPTOP-DUUNQKAE, OS: Windows, CPU Frequency: 2918 MHz, CPU Physical cores: 14, Host memory: 16890 MB
#-----------------------------------------------------------
source ZYNQ_CORE_wrapper.tcl -notrace
