Nothing to build in platform 'ZYNQ_CORE_wrapper'

17:25:24 **** Incremental Build of configuration Debug for project VDMA_HDMI_TEST ****
make all 
make --no-print-directory pre-build
a9-linaro-pre-build-step
' '
make --no-print-directory main-build
'Building file: ../src/main.c'
'Invoking: ARM v7 gcc compiler'
arm-none-eabi-gcc -Wall -O0 -g3 -c -fmessage-length=0 -MT"src/main.o" -mcpu=cortex-a9 -mfpu=vfpv3 -mfloat-abi=hard -ID:/Programs/Workspace/SmartZYNQ_SP2/VDMA_HDMI_COLORBAR/VDMA_HDMI_COLORBAR.sdk/ZYNQ_CORE_wrapper/export/ZYNQ_CORE_wrapper/sw/ZYNQ_CORE_wrapper/standalone_ps7_cortexa9_0/bspinclude/include -MMD -MP -MF"src/main.d" -MT"src/main.o" -o "src/main.o" "../src/main.c"
'Finished building: ../src/main.c'
' '
'Building target: VDMA_HDMI_TEST.elf'
'Invoking: ARM v7 gcc linker'
arm-none-eabi-gcc -mcpu=cortex-a9 -mfpu=vfpv3 -mfloat-abi=hard -Wl,-build-id=none -specs=Xilinx.spec -Wl,-T -Wl,../src/lscript.ld -LD:/Programs/Workspace/SmartZYNQ_SP2/VDMA_HDMI_COLORBAR/VDMA_HDMI_COLORBAR.sdk/ZYNQ_CORE_wrapper/export/ZYNQ_CORE_wrapper/sw/ZYNQ_CORE_wrapper/standalone_ps7_cortexa9_0/bsplib/lib -o "VDMA_HDMI_TEST.elf"  ./src/main.o ./src/vdma_api.o   -Wl,--start-group,-lxil,-lgcc,-lc,--end-group
'Finished building target: VDMA_HDMI_TEST.elf'
' '
'Invoking: ARM v7 Print Size'
arm-none-eabi-size VDMA_HDMI_TEST.elf  |tee "VDMA_HDMI_TEST.elf.size"
   text	   data	    bss	    dec	    hex	filename
  35929	   1272	  25392	  62593	   f481	VDMA_HDMI_TEST.elf
'Finished building: VDMA_HDMI_TEST.elf.size'
' '
