Nothing to build in platform 'ZYNQ_CORE_wrapper'

18:49:41 **** Incremental Build of configuration Debug for project COLOR_DETECT ****
make all 
make --no-print-directory pre-build
a9-linaro-pre-build-step
' '
make --no-print-directory main-build
'Building file: ../src/ov5640/ov5640_init.c'
'Invoking: ARM v7 gcc compiler'
arm-none-eabi-gcc -Wall -O0 -g3 -c -fmessage-length=0 -MT"src/ov5640/ov5640_init.o" -mcpu=cortex-a9 -mfpu=vfpv3 -mfloat-abi=hard -ID:/Programs/Workspace/SmartZYNQ_SP2/OV5640_COLOR_DETECT/VitisPrj/ZYNQ_CORE_wrapper/export/ZYNQ_CORE_wrapper/sw/ZYNQ_CORE_wrapper/standalone_ps7_cortexa9_0/bspinclude/include -MMD -MP -MF"src/ov5640/ov5640_init.d" -MT"src/ov5640/ov5640_init.o" -o "src/ov5640/ov5640_init.o" "../src/ov5640/ov5640_init.c"
'Finished building: ../src/ov5640/ov5640_init.c'
' '
'Building file: ../src/emio_sccb_cfg/emio_sccb_cfg.c'
'Invoking: ARM v7 gcc compiler'
arm-none-eabi-gcc -Wall -O0 -g3 -c -fmessage-length=0 -MT"src/emio_sccb_cfg/emio_sccb_cfg.o" -mcpu=cortex-a9 -mfpu=vfpv3 -mfloat-abi=hard -ID:/Programs/Workspace/SmartZYNQ_SP2/OV5640_COLOR_DETECT/VitisPrj/ZYNQ_CORE_wrapper/export/ZYNQ_CORE_wrapper/sw/ZYNQ_CORE_wrapper/standalone_ps7_cortexa9_0/bspinclude/include -MMD -MP -MF"src/emio_sccb_cfg/emio_sccb_cfg.d" -MT"src/emio_sccb_cfg/emio_sccb_cfg.o" -o "src/emio_sccb_cfg/emio_sccb_cfg.o" "../src/emio_sccb_cfg/emio_sccb_cfg.c"
'Finished building: ../src/emio_sccb_cfg/emio_sccb_cfg.c'
' '
'Building file: ../src/main.c'
'Invoking: ARM v7 gcc compiler'
arm-none-eabi-gcc -Wall -O0 -g3 -c -fmessage-length=0 -MT"src/main.o" -mcpu=cortex-a9 -mfpu=vfpv3 -mfloat-abi=hard -ID:/Programs/Workspace/SmartZYNQ_SP2/OV5640_COLOR_DETECT/VitisPrj/ZYNQ_CORE_wrapper/export/ZYNQ_CORE_wrapper/sw/ZYNQ_CORE_wrapper/standalone_ps7_cortexa9_0/bspinclude/include -MMD -MP -MF"src/main.d" -MT"src/main.o" -o "src/main.o" "../src/main.c"
'Finished building: ../src/main.c'
' '
'Building file: ../src/vdma_api.c'
'Invoking: ARM v7 gcc compiler'
arm-none-eabi-gcc -Wall -O0 -g3 -c -fmessage-length=0 -MT"src/vdma_api.o" -mcpu=cortex-a9 -mfpu=vfpv3 -mfloat-abi=hard -ID:/Programs/Workspace/SmartZYNQ_SP2/OV5640_COLOR_DETECT/VitisPrj/ZYNQ_CORE_wrapper/export/ZYNQ_CORE_wrapper/sw/ZYNQ_CORE_wrapper/standalone_ps7_cortexa9_0/bspinclude/include -MMD -MP -MF"src/vdma_api.d" -MT"src/vdma_api.o" -o "src/vdma_api.o" "../src/vdma_api.c"
'Finished building: ../src/vdma_api.c'
' '
'Building target: COLOR_DETECT.elf'
'Invoking: ARM v7 gcc linker'
arm-none-eabi-gcc -mcpu=cortex-a9 -mfpu=vfpv3 -mfloat-abi=hard -Wl,-build-id=none -specs=Xilinx.spec -Wl,-T -Wl,../src/lscript.ld -LD:/Programs/Workspace/SmartZYNQ_SP2/OV5640_COLOR_DETECT/VitisPrj/ZYNQ_CORE_wrapper/export/ZYNQ_CORE_wrapper/sw/ZYNQ_CORE_wrapper/standalone_ps7_cortexa9_0/bsplib/lib -o "COLOR_DETECT.elf"  ./src/ov5640/ov5640_init.o  ./src/emio_sccb_cfg/emio_sccb_cfg.o  ./src/main.o ./src/vdma_api.o   -Wl,--start-group,-lxil,-lgcc,-lc,--end-group
'Finished building target: COLOR_DETECT.elf'
' '
'Invoking: ARM v7 Print Size'
arm-none-eabi-size COLOR_DETECT.elf  |tee "COLOR_DETECT.elf.size"
   text	   data	    bss	    dec	    hex	filename
  40289	   1280	  25424	  66993	  105b1	COLOR_DETECT.elf
'Finished building: COLOR_DETECT.elf.size'
' '
18:49:45 **** Incremental Build of configuration Debug for project COLOR_DETECT_system ****
make all 
Generating bif file for the system project
generate_system_bif.bat 49983 D:/Programs/Workspace/SmartZYNQ_SP2/OV5640_COLOR_DETECT/VitisPrj/ZYNQ_CORE_wrapper/export/ZYNQ_CORE_wrapper/ZYNQ_CORE_wrapper.xpfm standalone_ps7_cortexa9_0 D:/Programs/Workspace/SmartZYNQ_SP2/OV5640_COLOR_DETECT/VitisPrj/COLOR_DETECT_system/Debug/system.bif
sdcard_gen --xpfm D:/Programs/Workspace/SmartZYNQ_SP2/OV5640_COLOR_DETECT/VitisPrj/ZYNQ_CORE_wrapper/export/ZYNQ_CORE_wrapper/ZYNQ_CORE_wrapper.xpfm --sys_config ZYNQ_CORE_wrapper --bif D:/Programs/Workspace/SmartZYNQ_SP2/OV5640_COLOR_DETECT/VitisPrj/COLOR_DETECT_system/Debug/system.bif --bitstream D:/Programs/Workspace/SmartZYNQ_SP2/OV5640_COLOR_DETECT/VitisPrj/COLOR_DETECT/_ide/bitstream/ZYNQ_CORE_wrapper.bit --elf D:/Programs/Workspace/SmartZYNQ_SP2/OV5640_COLOR_DETECT/VitisPrj/COLOR_DETECT/Debug/COLOR_DETECT.elf,ps7_cortexa9_0
creating BOOT.BIN using D:/Programs/Workspace/SmartZYNQ_SP2/OV5640_COLOR_DETECT/VitisPrj/COLOR_DETECT/_ide/bitstream/ZYNQ_CORE_wrapper.bit
Running D:/Xilinx/Vitis/2023.1/bin/bootgen  -image D:/Programs/Workspace/SmartZYNQ_SP2/OV5640_COLOR_DETECT/VitisPrj/COLOR_DETECT_system/Debug/sd_card_temp/boot.bif -w -o i BOOT.BIN
