#-----------------------------------------------------------
# Vivado v2023.1 (64-bit)
# SW Build 3865809 on Sun May  7 15:05:29 MDT 2023
# IP Build 3864474 on Sun May  7 20:36:21 MDT 2023
# SharedData Build 3865790 on Sun May 07 13:33:03 MDT 2023
# Start of session at: Fri Jan 17 20:14:43 2025
# Process ID: 6404
# Current directory: D:/Programs/Workspace/SmartZYNQ_SP2/PS_EMIO_NET/PS_EMIO_NET.runs/ZYNQ_CORE_util_vector_logic_0_0_synth_1
# Command line: vivado.exe -log ZYNQ_CORE_util_vector_logic_0_0.vds -product Vivado -mode batch -messageDb vivado.pb -notrace -source ZYNQ_CORE_util_vector_logic_0_0.tcl
# Log file: D:/Programs/Workspace/SmartZYNQ_SP2/PS_EMIO_NET/PS_EMIO_NET.runs/ZYNQ_CORE_util_vector_logic_0_0_synth_1/ZYNQ_CORE_util_vector_logic_0_0.vds
# Journal file: D:/Programs/Workspace/SmartZYNQ_SP2/PS_EMIO_NET/PS_EMIO_NET.runs/ZYNQ_CORE_util_vector_logic_0_0_synth_1\vivado.jou
# Running On: LAPTOP-DUUNQKAE, OS: Windows, CPU Frequency: 2918 MHz, CPU Physical cores: 14, Host memory: 16890 MB
#-----------------------------------------------------------
source ZYNQ_CORE_util_vector_logic_0_0.tcl -notrace
