13:36:55 **** Build of configuration Debug for project KEY_TEST ****
make all 
make --no-print-directory pre-build
a9-linaro-pre-build-step
' '
make --no-print-directory main-build
'Building file: ../src/main.c'
'Invoking: ARM v7 gcc compiler'
arm-none-eabi-gcc -Wall -O0 -g3 -c -fmessage-length=0 -MT"src/main.o" -mcpu=cortex-a9 -mfpu=vfpv3 -mfloat-abi=hard -ID:/Programs/Workspace/SmartZYNQ_SP2/PS_EMIO_KEY/EMIO_KEY_wrapper/export/EMIO_KEY_wrapper/sw/EMIO_KEY_wrapper/standalone_ps7_cortexa9_0/bspinclude/include -MMD -MP -MF"src/main.d" -MT"src/main.o" -o "src/main.o" "../src/main.c"
'Finished building: ../src/main.c'
' '
'Building target: KEY_TEST.elf'
'Invoking: ARM v7 gcc linker'
arm-none-eabi-gcc -mcpu=cortex-a9 -mfpu=vfpv3 -mfloat-abi=hard -Wl,-build-id=none -specs=Xilinx.spec -Wl,-T -Wl,../src/lscript.ld -LD:/Programs/Workspace/SmartZYNQ_SP2/PS_EMIO_KEY/EMIO_KEY_wrapper/export/EMIO_KEY_wrapper/sw/EMIO_KEY_wrapper/standalone_ps7_cortexa9_0/bsplib/lib -o "KEY_TEST.elf"  ./src/main.o   -Wl,--start-group,-lxil,-lgcc,-lc,--end-group
'Finished building target: KEY_TEST.elf'
' '
'Invoking: ARM v7 Print Size'
arm-none-eabi-size KEY_TEST.elf  |tee "KEY_TEST.elf.size"
   text	   data	    bss	    dec	    hex	filename
  22962	   1152	  22616	  46730	   b68a	KEY_TEST.elf
'Finished building: KEY_TEST.elf.size'
' '

13:36:56 Build Finished (took 661ms)

